[2mJul  9 13:26:02.522[0m [92mINF[0m entering google calendar sync
[2mJul  9 13:26:02.522[0m [91mERR[0m google calendar failed to sync: [2merr=[0m"calendar service: unable to read credentials.json: open ../credentials.json: no such file or directory"
[2mJul  9 13:28:50.218[0m [92mINF[0m entering google calendar sync
[2mJul  9 13:31:08.804[0m [92mINF[0m entering google calendar sync
[2mJul  9 14:56:31.514[0m [92mINF[0m entering google calendar sync
[2mJul  9 14:59:27.553[0m [92mINF[0m exited google calendar sync
[2mJul  9 15:25:23.531[0m [92mINF[0m entering google calendar sync
[2mJul  9 15:25:23.845[0m [92mINF[0m exited google calendar sync
[2mJul 10 09:53:10.137[0m [92mINF[0m entering google calendar sync
[2mJul 10 09:53:10.138[0m [92mINF[0m ⚠️ Error pushing local changes: SQL logic error: no such column: addtocalendar (1)
[2mJul 10 09:53:10.679[0m [92mINF[0m exited google calendar sync
[2mJul 13 14:25:52.519[0m [92mINF[0m entering google calendar sync
[2mJul 13 14:25:52.520[0m [92mINF[0m ⚠️ Error pushing local changes: SQL logic error: no such table: events (1)
[2mJul 13 14:25:53.173[0m [92mINF[0m exited google calendar sync
[2mJul 29 13:21:23.879[0m [92mINF[0m entering google calendar sync
[2mJul 29 13:23:05.839[0m [92mINF[0m ⚠️ Error pushing local changes: missing destination name task_id in *[]googlecalendarsync.Event
[2mJul 29 13:23:06.141[0m [92mINF[0m ❌ Error pushing changes from events to tasks: missing destination name task_id in *[]googlecalendarsync.Event
[2mJul 29 13:23:13.449[0m [92mINF[0m entering google calendar sync
[2mJul 29 13:23:13.449[0m [92mINF[0m ⚠️ Error pushing local changes: missing destination name task_id in *[]googlecalendarsync.Event
[2mJul 29 13:23:13.739[0m [92mINF[0m ❌ Error pushing changes from events to tasks: missing destination name task_id in *[]googlecalendarsync.Event
[2mJul 29 13:42:31.189[0m [92mINF[0m entering google calendar sync
[2mJul 29 13:42:31.189[0m [92mINF[0m ⚠️ Error pushing local changes: missing destination name task_id in *[]googlecalendarsync.Event
[2mJul 29 13:42:31.518[0m [92mINF[0m ❌ Error pushing changes from events to tasks: missing destination name task_id in *[]googlecalendarsync.Event
[2mJul 29 13:44:07.011[0m [92mINF[0m entering google calendar sync
[2mJul 29 13:44:07.012[0m [92mINF[0m ⚠️ Error pushing local changes: missing destination name task_id in *[]googlecalendarsync.Event
[2mJul 29 13:44:07.301[0m [92mINF[0m ❌ Error pushing changes from events to tasks: missing destination name task_id in *[]googlecalendarsync.Event
[2mJul 29 14:47:21.118[0m [92mINF[0m entering google calendar sync
[2mJul 29 14:47:21.672[0m [92mINF[0m exited google calendar sync
[2mJul 29 15:03:47.986[0m [92mINF[0m entering google calendar sync
[2mJul 29 15:03:53.568[0m [92mINF[0m exited google calendar sync
[2mJul 29 15:53:39.146[0m [92mINF[0m entering google calendar sync
[2mJul 29 15:53:39.694[0m [92mINF[0m ❌ Error pulling remote changes: SQL logic error: near "task_id": syntax error (1)
[2mJul 29 15:54:53.808[0m [92mINF[0m entering google calendar sync
[2mJul 29 15:54:54.348[0m [92mINF[0m ❌ Error pulling remote changes: SQL logic error: near "task_id": syntax error (1)
[2mJul 29 15:57:00.592[0m [92mINF[0m entering google calendar sync
[2mJul 29 15:57:01.085[0m [92mINF[0m ❌ Error pulling remote changes: SQL logic error: 9 values for 10 columns (1)
[2mJul 29 16:21:07.618[0m [92mINF[0m entering google calendar sync
[2mJul 29 16:21:08.137[0m [92mINF[0m ❌ Error pulling remote changes: missing argument with index 10
[2mJul 29 16:21:33.490[0m [92mINF[0m entering google calendar sync
[2mJul 29 16:21:34.008[0m [92mINF[0m ❌ Error pushing changes from events to tasks: sql: Scan error on column index 9, name "task_id": converting driver.Value type string ("") to a int64: invalid syntax
[2mJul 29 16:24:58.216[0m [92mINF[0m entering google calendar sync
[2mJul 29 16:24:58.706[0m [92mINF[0m ❌ Error pushing changes from events to tasks: sql: Scan error on column index 9, name "task_id": converting driver.Value type string ("") to a int64: invalid syntax
[2mJul 30 09:45:19.694[0m [92mINF[0m entering google calendar sync
[2mJul 30 09:45:20.240[0m [92mINF[0m ❌ Error pushing changes from events to tasks: sql: Scan error on column index 9, name "task_id": converting driver.Value type string ("") to a int64: invalid syntax
[2mJul 30 10:12:50.622[0m [92mINF[0m entering google calendar sync
[2mJul 30 10:12:51.201[0m [92mINF[0m ❌ Error pushing changes from events to tasks: sql: Scan error on column index 9, name "task_id": converting driver.Value type string ("") to a int64: invalid syntax
[2mJul 30 10:15:27.771[0m [92mINF[0m ENTERING google calendar sync
[2mJul 30 10:15:28.259[0m [92mINF[0m ❌ Error pushing changes from events to tasks: sql: Scan error on column index 9, name "task_id": converting driver.Value type string ("") to a int64: invalid syntax
[2mJul 30 10:18:14.286[0m [92mINF[0m ENTERING google calendar sync
[2mJul 30 10:18:14.286[0m [92mINF[0m ENTERING Two Way Sync
[2mJul 30 10:18:14.810[0m [92mINF[0m ❌ Error pushing changes from events to tasks: sql: Scan error on column index 9, name "task_id": converting driver.Value type string ("") to a int64: invalid syntax
[2mAug  4 09:32:23.334[0m [92mINF[0m ENTERING google calendar sync
[2mAug  4 09:32:23.334[0m [92mINF[0m ENTERING Two Way Sync
[2mAug  4 09:32:23.334[0m [92mINF[0m ➡️ Pushing local SQLite modifications to Google Calendar...
[2mAug  4 09:32:23.899[0m [91mERR[0m ❌ Error pushing changes from events to tasks: %v [2m!BADKEY=[0m"sql: Scan error on column index 9, name \"task_id\": converting driver.Value type string (\"\") to a int64: invalid syntax"
[2mAug  4 09:32:23.899[0m [92mINF[0m EXITING google calendar sync
[2mAug  4 09:32:35.796[0m [92mINF[0m ENTERING google calendar sync
[2mAug  4 09:32:35.796[0m [92mINF[0m ENTERING Two Way Sync
[2mAug  4 09:32:35.797[0m [92mINF[0m ➡️ Pushing local SQLite modifications to Google Calendar...
[2mAug  4 09:32:36.256[0m [91mERR[0m ❌ Error pushing changes from events to tasks: %v [2m!BADKEY=[0m"sql: Scan error on column index 9, name \"task_id\": converting driver.Value type string (\"\") to a int64: invalid syntax"
[2mAug  4 09:32:36.256[0m [92mINF[0m EXITING google calendar sync
[2mAug  4 11:13:18.546[0m [92mINF[0m ENTERING google calendar sync
[2mAug  4 11:13:18.546[0m [92mINF[0m ENTERING Two Way Sync
[2mAug  4 11:13:18.547[0m [92mINF[0m ➡️ Pushing local SQLite modifications to Google Calendar...
[2mAug  4 11:13:18.547[0m [92mINF[0m ⬅️ Pulling incremental changes from Google Calendar...
[2mAug  4 11:13:19.082[0m [92mINF[0m ⬅️ Pushing changes to events to tasks table...
[2mAug  4 11:13:19.082[0m [91mERR[0m ❌ Error pushing changes from events to tasks:  [2merr=[0m"sql: Scan error on column index 9, name \"task_id\": converting NULL to int64 is unsupported"
[2mAug  4 11:13:19.082[0m [92mINF[0m ✅ Synchronization round-trip complete.
[2mAug  4 11:13:19.082[0m [92mINF[0m EXITING google calendar sync
[2mAug  4 11:25:14.741[0m [91mERR[0m app error [2merror=[0mEOF
[2mAug  4 12:11:56.974[0m [92mINF[0m ENTERING google calendar sync
[2mAug  4 12:11:56.975[0m [92mINF[0m ENTERING Two Way Sync
[2mAug  4 12:11:56.975[0m [92mINF[0m ➡️ Pushing local SQLite modifications to Google Calendar...
[2mAug  4 12:11:56.975[0m [92mINF[0m ⬅️ Pulling incremental changes from Google Calendar...
[2mAug  4 12:11:57.479[0m [92mINF[0m ⬅️ Pushing change froo events to tasks table...
[2mAug  4 12:11:57.480[0m [91mERR[0m ❌ Error pushing changes from events to tasks:  [2merr=[0m"sql: Scan error on column index 9, name \"task_id\": converting NULL to int64 is unsupported"
[2mAug  4 12:11:57.480[0m [92mINF[0m ✅ Synchronization round-trip complete.
[2mAug  4 12:11:57.480[0m [92mINF[0m EXITING google calendar sync
[2mAug  4 12:15:14.315[0m [92mINF[0m ENTERING google calendar sync
[2mAug  4 12:15:14.315[0m [92mINF[0m ENTERING Two Way Sync
[2mAug  4 12:15:14.315[0m [92mINF[0m ➡️ Pushing local SQLite modifications to Google Calendar...
[2mAug  4 12:15:14.315[0m [92mINF[0m ⬅️ Pulling incremental changes from Google Calendar...
[2mAug  4 12:15:15.050[0m [92mINF[0m ⬅️ Pushing change froo events to tasks table...
[2mAug  4 12:15:15.051[0m [91mERR[0m ❌ Error pushing changes from events to tasks:  [2merr=[0m"sql: Scan error on column index 9, name \"task_id\": converting NULL to int64 is unsupported"
[2mAug  4 12:15:15.051[0m [92mINF[0m ✅ Synchronization round-trip complete.
[2mAug  4 12:15:15.051[0m [92mINF[0m EXITING google calendar sync
[2mAug  4 12:23:16.179[0m [92mINF[0m ENTERING google calendar sync
[2mAug  4 12:23:16.179[0m [92mINF[0m ENTERING Two Way Sync
[2mAug  4 12:23:16.179[0m [92mINF[0m ➡️ Pushing local SQLite modifications to Google Calendar...
[2mAug  4 12:23:16.179[0m [92mINF[0m ⬅️ Pulling incremental changes from Google Calendar...
[2mAug  4 12:23:16.686[0m [92mINF[0m ⬅️ Pushing change from events to tasks table...
[2mAug  4 12:23:16.686[0m [92mINF[0m ENTERING UpdateTasksWithEvents
[2mAug  4 12:23:16.686[0m [91mERR[0m ❌ Error pushing changes from events to tasks:  [2merr=[0m"sql: Scan error on column index 9, name \"task_id\": converting NULL to int64 is unsupported"
[2mAug  4 12:23:16.686[0m [92mINF[0m ✅ Synchronization round-trip complete.
[2mAug  4 12:23:16.686[0m [92mINF[0m EXITING google calendar sync
[2mAug  4 13:31:12.298[0m [92mINF[0m ENTERING google calendar sync
[2mAug  4 13:31:12.298[0m [92mINF[0m ENTERING Two Way Sync
[2mAug  4 13:31:12.299[0m [92mINF[0m ➡️ Pushing local SQLite modifications to Google Calendar...
[2mAug  4 13:31:12.299[0m [92mINF[0m ⬅️ Pulling incremental changes from Google Calendar...
[2mAug  4 13:31:12.900[0m [92mINF[0m ⬅️ Pushing change from events to tasks table...
[2mAug  4 13:31:12.900[0m [92mINF[0m ENTERING UpdateTasksWithEvents
[2mAug  4 13:31:12.900[0m [91mERR[0m ❌ Error pushing changes from events to tasks:  [2merr=[0m"sql: Scan error on column index 9, name \"task_id\": converting NULL to int64 is unsupported"
[2mAug  4 13:31:12.900[0m [92mINF[0m ✅ Synchronization round-trip complete.
[2mAug  4 13:31:12.900[0m [92mINF[0m EXITING google calendar sync
[2mAug  4 13:33:13.741[0m [92mINF[0m ENTERING google calendar sync
[2mAug  4 13:33:13.741[0m [92mINF[0m ENTERING Two Way Sync
[2mAug  4 13:33:13.741[0m [92mINF[0m ➡️ Pushing local SQLite modifications to Google Calendar...
[2mAug  4 13:33:13.741[0m [92mINF[0m ⬅️ Pulling incremental changes from Google Calendar...
[2mAug  4 13:33:14.252[0m [92mINF[0m ⬅️ Pushing change from events to tasks table...
[2mAug  4 13:33:14.252[0m [92mINF[0m ENTERING UpdateTasksWithEvents
[2mAug  4 13:33:14.252[0m [91mERR[0m failed to get events from events table [2merr=[0m"sql: Scan error on column index 9, name \"task_id\": converting NULL to int64 is unsupported"
[2mAug  4 13:33:14.252[0m [91mERR[0m ❌ Error pushing changes from events to tasks:  [2merr=[0m"sql: Scan error on column index 9, name \"task_id\": converting NULL to int64 is unsupported"
[2mAug  4 13:33:14.252[0m [92mINF[0m ✅ Synchronization round-trip complete.
[2mAug  4 13:33:14.252[0m [92mINF[0m EXITING google calendar sync
[2mAug  4 14:09:39.718[0m [92mINF[0m ENTERING google calendar sync
[2mAug  4 14:09:39.718[0m [92mINF[0m ENTERING Two Way Sync
[2mAug  4 14:09:39.718[0m [92mINF[0m ➡️ Pushing local SQLite modifications to Google Calendar...
[2mAug  4 14:09:39.718[0m [92mINF[0m ⬅️ Pulling incremental changes from Google Calendar...
[2mAug  4 14:09:40.408[0m [92mINF[0m ⬅️ Pushing change from events to tasks table...
[2mAug  4 14:09:40.408[0m [92mINF[0m ENTERING UpdateTasksWithEvents
[2mAug  4 14:09:40.408[0m [92mINF[0m entering convertEventToTask
[2mAug  4 14:09:40.408[0m [92mINF[0m Converted task: %+v
 [2m!BADKEY=[0m"{TaskID:<nil> Description:July 29 test task Status:fromEvent CreatedAt:<nil> UpdatedAt:2026-07-29 21:53:17.9 +0000 UTC Priority: AssigneeID:<nil> DoDate:<nil> FinalDueDate:2026-07-30 17:00:00 -0600 MDT StartTime:2026-07-30 16:00:00 -0600 MDT EndTime:2026-07-30 17:00:00 -0600 MDT CompletedAt:<nil> EstimatedHours:<nil> Progress:<nil> ParentTaskID:<nil> Deleted:false}"
[2mAug  4 14:09:40.458[0m [92mINF[0m entering convertEventToTask
[2mAug  4 14:09:40.458[0m [92mINF[0m Converted task: %+v
 [2m!BADKEY=[0m"{TaskID:<nil> Description:event to test they sync Status:fromEvent CreatedAt:<nil> UpdatedAt:2026-07-29 21:54:42.568 +0000 UTC Priority: AssigneeID:<nil> DoDate:<nil> FinalDueDate:2026-07-30 17:00:00 -0600 MDT StartTime:2026-07-30 16:00:00 -0600 MDT EndTime:2026-07-30 17:00:00 -0600 MDT CompletedAt:<nil> EstimatedHours:<nil> Progress:<nil> ParentTaskID:<nil> Deleted:false}"
[2mAug  4 14:09:40.498[0m [92mINF[0m ✅ Synchronization round-trip complete.
[2mAug  4 14:09:40.498[0m [92mINF[0m EXITING google calendar sync
[2mAug  4 14:14:02.630[0m [92mINF[0m ENTERING google calendar sync
[2mAug  4 14:14:02.630[0m [92mINF[0m ENTERING Two Way Sync
[2mAug  4 14:14:02.630[0m [92mINF[0m ➡️ Pushing local SQLite modifications to Google Calendar...
[2mAug  4 14:14:02.630[0m [92mINF[0m ⬅️ Pulling incremental changes from Google Calendar...
[2mAug  4 14:14:03.133[0m [92mINF[0m ⬅️ Pushing change from events to tasks table...
[2mAug  4 14:14:03.133[0m [92mINF[0m ENTERING UpdateTasksWithEvents
[2mAug  4 14:14:03.133[0m [92mINF[0m ✅ Synchronization round-trip complete.
[2mAug  4 14:14:03.133[0m [92mINF[0m EXITING google calendar sync
